// Vitest Snapshot v1, https://vitest.dev/guide/snapshot.html

exports[`helpCenterPage > renders correctly at different screen sizes > desktop 1`] = `
<div>
  <div
    class="w-full bg-background"
  >
    <div
      class="w-full bg-primary/10"
    >
      <div
        class="mx-auto w-full max-w-[1349px]"
      >
        <section
          aria-labelledby="help-center-heading"
          class="flex w-full flex-col items-center justify-center gap-4 px-6 py-[24px] text-center md:px-0 md:py-24"
        >
          <span
            class="text-xl font-medium text-neutral-600"
            id="help-center-heading"
          >
            Help Center
          </span>
          <div
            class="flex h-48 flex-col items-center justify-center gap-5 self-stretch"
          >
            <h1
              aria-level="1"
              class="text-3xl font-bold text-neutral-950 md:text-6xl"
              role="heading"
            >
              How can we help You?
            </h1>
            <p
              class="text-center text-base font-normal text-neutral-600 md:text-lg"
            >
              Find advice and answers from our support team
            </p>
            <div
              class="group flex h-fit w-full items-center justify-start overflow-hidden rounded-xl border border-slate-300 bg-white px-2 py-[2px] text-xs font-normal leading-none text-neutral-600 focus-within:ring-1 focus-within:ring-primary focus-within:ring-offset-0 md:w-[466px] md:rounded-3xl"
            >
              <svg
                class="lucide lucide-search flex h-8 w-8 items-center justify-center p-1 text-muted-foreground"
                fill="none"
                height="24"
                stroke="currentColor"
                stroke-linecap="round"
                stroke-linejoin="round"
                stroke-width="2"
                viewBox="0 0 24 24"
                width="24"
                xmlns="http://www.w3.org/2000/svg"
              >
                <circle
                  cx="11"
                  cy="11"
                  r="8"
                />
                <path
                  d="m21 21-4.3-4.3"
                />
              </svg>
              <div
                class="flex w-full text-sm rounded-md transition-colors text-primary focus:outline-none focus:ring-1 focus:ring-primary border-border gap-2 flex-col"
              >
                <div
                  class="flex items-center"
                >
                  <input
                    aria-label="Search on any topic"
                    class="text-sm rounded-md transition-colors text-primary focus:outline-none focus:ring-1 focus:ring-primary border-border gap-2 flex-col border-none bg-transparent focus-visible:outline-none focus-visible:ring-0 focus-visible:ring-offset-0 w-full border px-4 py-2"
                    placeholder="Search on any topic..."
                    type="text"
                  />
                </div>
              </div>
            </div>
          </div>
        </section>
      </div>
    </div>
    <div
      class="mx-auto w-full max-w-[1349px]"
    >
      <section
        aria-labelledby="browse-topics-heading"
        class="flex flex-col items-center justify-start gap-7 px-6 py-24 md:px-24"
      >
        <span
          class="w-96 text-center text-3xl font-bold text-orange-500"
          id="browse-topics-heading"
        >
          Browse by topics
        </span>
        <div
          class="px grid w-full grid-cols-1 gap-x-[20px] gap-y-[12px] md:grid-cols-2 lg:grid-cols-3"
          data-orientation="vertical"
        >
          <div
            class="flex w-full flex-col border-b-0 bg-white px-6 py-6"
            data-orientation="vertical"
            data-state="closed"
          >
            <h3
              class="flex"
              data-orientation="vertical"
              data-state="closed"
            >
              <button
                aria-controls="radix-:r6d:"
                aria-expanded="false"
                aria-level="2"
                class="flex flex-1 items-center justify-between py-4 font-medium transition-all [&[data-state=open]>svg]:rotate-180 border-b-0 text-left hover:no-underline"
                data-orientation="vertical"
                data-radix-collection-item=""
                data-state="closed"
                id="topic-heading-0"
                role="heading"
                type="button"
              >
                What is EcoClean?
                <svg
                  class="lucide lucide-chevron-down h-4 w-4 shrink-0 transition-transform duration-200"
                  fill="none"
                  height="24"
                  stroke="currentColor"
                  stroke-linecap="round"
                  stroke-linejoin="round"
                  stroke-width="2"
                  viewBox="0 0 24 24"
                  width="24"
                  xmlns="http://www.w3.org/2000/svg"
                >
                  <path
                    d="m6 9 6 6 6-6"
                  />
                </svg>
              </button>
            </h3>
            <div
              aria-labelledby="topic-heading-0"
              class="overflow-hidden text-sm transition-all data-[state=closed]:animate-accordion-up data-[state=open]:animate-accordion-down"
              data-orientation="vertical"
              data-state="closed"
              hidden=""
              id="radix-:r6d:"
              role="region"
              style="--radix-accordion-content-height: var(--radix-collapsible-content-height); --radix-accordion-content-width: var(--radix-collapsible-content-width);"
            />
          </div>
          <div
            class="flex w-full flex-col border-b-0 bg-white px-6 py-6"
            data-orientation="vertical"
            data-state="closed"
          >
            <h3
              class="flex"
              data-orientation="vertical"
              data-state="closed"
            >
              <button
                aria-controls="radix-:r6f:"
                aria-expanded="false"
                aria-level="2"
                class="flex flex-1 items-center justify-between py-4 font-medium transition-all [&[data-state=open]>svg]:rotate-180 border-b-0 text-left hover:no-underline"
                data-orientation="vertical"
                data-radix-collection-item=""
                data-state="closed"
                id="topic-heading-1"
                role="heading"
                type="button"
              >
                How does EcoClean work?
                <svg
                  class="lucide lucide-chevron-down h-4 w-4 shrink-0 transition-transform duration-200"
                  fill="none"
                  height="24"
                  stroke="currentColor"
                  stroke-linecap="round"
                  stroke-linejoin="round"
                  stroke-width="2"
                  viewBox="0 0 24 24"
                  width="24"
                  xmlns="http://www.w3.org/2000/svg"
                >
                  <path
                    d="m6 9 6 6 6-6"
                  />
                </svg>
              </button>
            </h3>
            <div
              aria-labelledby="topic-heading-1"
              class="overflow-hidden text-sm transition-all data-[state=closed]:animate-accordion-up data-[state=open]:animate-accordion-down"
              data-orientation="vertical"
              data-state="closed"
              hidden=""
              id="radix-:r6f:"
              role="region"
              style="--radix-accordion-content-height: var(--radix-collapsible-content-height); --radix-accordion-content-width: var(--radix-collapsible-content-width);"
            />
          </div>
          <div
            class="flex w-full flex-col border-b-0 bg-white px-6 py-6"
            data-orientation="vertical"
            data-state="closed"
          >
            <h3
              class="flex"
              data-orientation="vertical"
              data-state="closed"
            >
              <button
                aria-controls="radix-:r6h:"
                aria-expanded="false"
                aria-level="2"
                class="flex flex-1 items-center justify-between py-4 font-medium transition-all [&[data-state=open]>svg]:rotate-180 border-b-0 text-left hover:no-underline"
                data-orientation="vertical"
                data-radix-collection-item=""
                data-state="closed"
                id="topic-heading-2"
                role="heading"
                type="button"
              >
                What are the key features of EcoClean?
                <svg
                  class="lucide lucide-chevron-down h-4 w-4 shrink-0 transition-transform duration-200"
                  fill="none"
                  height="24"
                  stroke="currentColor"
                  stroke-linecap="round"
                  stroke-linejoin="round"
                  stroke-width="2"
                  viewBox="0 0 24 24"
                  width="24"
                  xmlns="http://www.w3.org/2000/svg"
                >
                  <path
                    d="m6 9 6 6 6-6"
                  />
                </svg>
              </button>
            </h3>
            <div
              aria-labelledby="topic-heading-2"
              class="overflow-hidden text-sm transition-all data-[state=closed]:animate-accordion-up data-[state=open]:animate-accordion-down"
              data-orientation="vertical"
              data-state="closed"
              hidden=""
              id="radix-:r6h:"
              role="region"
              style="--radix-accordion-content-height: var(--radix-collapsible-content-height); --radix-accordion-content-width: var(--radix-collapsible-content-width);"
            />
          </div>
          <div
            class="flex w-full flex-col border-b-0 bg-white px-6 py-6"
            data-orientation="vertical"
            data-state="closed"
          >
            <h3
              class="flex"
              data-orientation="vertical"
              data-state="closed"
            >
              <button
                aria-controls="radix-:r6j:"
                aria-expanded="false"
                aria-level="2"
                class="flex flex-1 items-center justify-between py-4 font-medium transition-all [&[data-state=open]>svg]:rotate-180 border-b-0 text-left hover:no-underline"
                data-orientation="vertical"
                data-radix-collection-item=""
                data-state="closed"
                id="topic-heading-3"
                role="heading"
                type="button"
              >
                Who can benefit from using EcoClean?
                <svg
                  class="lucide lucide-chevron-down h-4 w-4 shrink-0 transition-transform duration-200"
                  fill="none"
                  height="24"
                  stroke="currentColor"
                  stroke-linecap="round"
                  stroke-linejoin="round"
                  stroke-width="2"
                  viewBox="0 0 24 24"
                  width="24"
                  xmlns="http://www.w3.org/2000/svg"
                >
                  <path
                    d="m6 9 6 6 6-6"
                  />
                </svg>
              </button>
            </h3>
            <div
              aria-labelledby="topic-heading-3"
              class="overflow-hidden text-sm transition-all data-[state=closed]:animate-accordion-up data-[state=open]:animate-accordion-down"
              data-orientation="vertical"
              data-state="closed"
              hidden=""
              id="radix-:r6j:"
              role="region"
              style="--radix-accordion-content-height: var(--radix-collapsible-content-height); --radix-accordion-content-width: var(--radix-collapsible-content-width);"
            />
          </div>
          <div
            class="flex w-full flex-col border-b-0 bg-white px-6 py-6"
            data-orientation="vertical"
            data-state="closed"
          >
            <h3
              class="flex"
              data-orientation="vertical"
              data-state="closed"
            >
              <button
                aria-controls="radix-:r6l:"
                aria-expanded="false"
                aria-level="2"
                class="flex flex-1 items-center justify-between py-4 font-medium transition-all [&[data-state=open]>svg]:rotate-180 border-b-0 text-left hover:no-underline"
                data-orientation="vertical"
                data-radix-collection-item=""
                data-state="closed"
                id="topic-heading-4"
                role="heading"
                type="button"
              >
                What are the system requirements for EcoClean?
                <svg
                  class="lucide lucide-chevron-down h-4 w-4 shrink-0 transition-transform duration-200"
                  fill="none"
                  height="24"
                  stroke="currentColor"
                  stroke-linecap="round"
                  stroke-linejoin="round"
                  stroke-width="2"
                  viewBox="0 0 24 24"
                  width="24"
                  xmlns="http://www.w3.org/2000/svg"
                >
                  <path
                    d="m6 9 6 6 6-6"
                  />
                </svg>
              </button>
            </h3>
            <div
              aria-labelledby="topic-heading-4"
              class="overflow-hidden text-sm transition-all data-[state=closed]:animate-accordion-up data-[state=open]:animate-accordion-down"
              data-orientation="vertical"
              data-state="closed"
              hidden=""
              id="radix-:r6l:"
              role="region"
              style="--radix-accordion-content-height: var(--radix-collapsible-content-height); --radix-accordion-content-width: var(--radix-collapsible-content-width);"
            />
          </div>
          <div
            class="flex w-full flex-col border-b-0 bg-white px-6 py-6"
            data-orientation="vertical"
            data-state="closed"
          >
            <h3
              class="flex"
              data-orientation="vertical"
              data-state="closed"
            >
              <button
                aria-controls="radix-:r6n:"
                aria-expanded="false"
                aria-level="2"
                class="flex flex-1 items-center justify-between py-4 font-medium transition-all [&[data-state=open]>svg]:rotate-180 border-b-0 text-left hover:no-underline"
                data-orientation="vertical"
                data-radix-collection-item=""
                data-state="closed"
                id="topic-heading-5"
                role="heading"
                type="button"
              >
                How do I use EcoClean?
                <svg
                  class="lucide lucide-chevron-down h-4 w-4 shrink-0 transition-transform duration-200"
                  fill="none"
                  height="24"
                  stroke="currentColor"
                  stroke-linecap="round"
                  stroke-linejoin="round"
                  stroke-width="2"
                  viewBox="0 0 24 24"
                  width="24"
                  xmlns="http://www.w3.org/2000/svg"
                >
                  <path
                    d="m6 9 6 6 6-6"
                  />
                </svg>
              </button>
            </h3>
            <div
              aria-labelledby="topic-heading-5"
              class="overflow-hidden text-sm transition-all data-[state=closed]:animate-accordion-up data-[state=open]:animate-accordion-down"
              data-orientation="vertical"
              data-state="closed"
              hidden=""
              id="radix-:r6n:"
              role="region"
              style="--radix-accordion-content-height: var(--radix-collapsible-content-height); --radix-accordion-content-width: var(--radix-collapsible-content-width);"
            />
          </div>
          <div
            class="flex w-full flex-col border-b-0 bg-white px-6 py-6"
            data-orientation="vertical"
            data-state="closed"
          >
            <h3
              class="flex"
              data-orientation="vertical"
              data-state="closed"
            >
              <button
                aria-controls="radix-:r6p:"
                aria-expanded="false"
                aria-level="2"
                class="flex flex-1 items-center justify-between py-4 font-medium transition-all [&[data-state=open]>svg]:rotate-180 border-b-0 text-left hover:no-underline"
                data-orientation="vertical"
                data-radix-collection-item=""
                data-state="closed"
                id="topic-heading-6"
                role="heading"
                type="button"
              >
                How do I store EcoClean?
                <svg
                  class="lucide lucide-chevron-down h-4 w-4 shrink-0 transition-transform duration-200"
                  fill="none"
                  height="24"
                  stroke="currentColor"
                  stroke-linecap="round"
                  stroke-linejoin="round"
                  stroke-width="2"
                  viewBox="0 0 24 24"
                  width="24"
                  xmlns="http://www.w3.org/2000/svg"
                >
                  <path
                    d="m6 9 6 6 6-6"
                  />
                </svg>
              </button>
            </h3>
            <div
              aria-labelledby="topic-heading-6"
              class="overflow-hidden text-sm transition-all data-[state=closed]:animate-accordion-up data-[state=open]:animate-accordion-down"
              data-orientation="vertical"
              data-state="closed"
              hidden=""
              id="radix-:r6p:"
              role="region"
              style="--radix-accordion-content-height: var(--radix-collapsible-content-height); --radix-accordion-content-width: var(--radix-collapsible-content-width);"
            />
          </div>
          <div
            class="flex w-full flex-col border-b-0 bg-white px-6 py-6"
            data-orientation="vertical"
            data-state="closed"
          >
            <h3
              class="flex"
              data-orientation="vertical"
              data-state="closed"
            >
              <button
                aria-controls="radix-:r6r:"
                aria-expanded="false"
                aria-level="2"
                class="flex flex-1 items-center justify-between py-4 font-medium transition-all [&[data-state=open]>svg]:rotate-180 border-b-0 text-left hover:no-underline"
                data-orientation="vertical"
                data-radix-collection-item=""
                data-state="closed"
                id="topic-heading-7"
                role="heading"
                type="button"
              >
                How much does EcoClean cost?
                <svg
                  class="lucide lucide-chevron-down h-4 w-4 shrink-0 transition-transform duration-200"
                  fill="none"
                  height="24"
                  stroke="currentColor"
                  stroke-linecap="round"
                  stroke-linejoin="round"
                  stroke-width="2"
                  viewBox="0 0 24 24"
                  width="24"
                  xmlns="http://www.w3.org/2000/svg"
                >
                  <path
                    d="m6 9 6 6 6-6"
                  />
                </svg>
              </button>
            </h3>
            <div
              aria-labelledby="topic-heading-7"
              class="overflow-hidden text-sm transition-all data-[state=closed]:animate-accordion-up data-[state=open]:animate-accordion-down"
              data-orientation="vertical"
              data-state="closed"
              hidden=""
              id="radix-:r6r:"
              role="region"
              style="--radix-accordion-content-height: var(--radix-collapsible-content-height); --radix-accordion-content-width: var(--radix-collapsible-content-width);"
            />
          </div>
          <div
            class="flex w-full flex-col border-b-0 bg-white px-6 py-6"
            data-orientation="vertical"
            data-state="closed"
          >
            <h3
              class="flex"
              data-orientation="vertical"
              data-state="closed"
            >
              <button
                aria-controls="radix-:r6t:"
                aria-expanded="false"
                aria-level="2"
                class="flex flex-1 items-center justify-between py-4 font-medium transition-all [&[data-state=open]>svg]:rotate-180 border-b-0 text-left hover:no-underline"
                data-orientation="vertical"
                data-radix-collection-item=""
                data-state="closed"
                id="topic-heading-8"
                role="heading"
                type="button"
              >
                Are there any discounts available?
                <svg
                  class="lucide lucide-chevron-down h-4 w-4 shrink-0 transition-transform duration-200"
                  fill="none"
                  height="24"
                  stroke="currentColor"
                  stroke-linecap="round"
                  stroke-linejoin="round"
                  stroke-width="2"
                  viewBox="0 0 24 24"
                  width="24"
                  xmlns="http://www.w3.org/2000/svg"
                >
                  <path
                    d="m6 9 6 6 6-6"
                  />
                </svg>
              </button>
            </h3>
            <div
              aria-labelledby="topic-heading-8"
              class="overflow-hidden text-sm transition-all data-[state=closed]:animate-accordion-up data-[state=open]:animate-accordion-down"
              data-orientation="vertical"
              data-state="closed"
              hidden=""
              id="radix-:r6t:"
              role="region"
              style="--radix-accordion-content-height: var(--radix-collapsible-content-height); --radix-accordion-content-width: var(--radix-collapsible-content-width);"
            />
          </div>
        </div>
      </section>
      <section
        class="flex w-full flex-col items-center justify-center gap-20 px-6 pb-24 pt-12 md:px-24"
      >
        <div
          class="grid w-full grid-cols-1 justify-items-stretch gap-y-8 xl:grid-cols-2"
        >
          <div
            class="flex flex-col gap-3"
          >
            <h1
              aria-level="1"
              class="self-stretch text-4xl font-semibold text-neutral-600"
              role="heading"
            >
              Frequently Asked Questions
            </h1>
            <p
              class="self-stretch text-2xl font-normal text-neutral-600"
            >
              We couldn’t answer your question?
            </p>
            <button
              class="inline-flex items-center justify-center gap-2 whitespace-nowrap font-medium transition-colors focus-visible:outline-none focus-visible:ring-1 focus-visible:ring-ring disabled:pointer-events-none disabled:opacity-50 bg-outline text-outline-foreground shadow-sm border border-border hover:bg-outline-hover rounded-md px-3 text-xs h-8 w-28"
              role="button"
            >
              Contact us
            </button>
          </div>
          <div
            class="flex w-full"
          >
            <div
              class="flex w-full items-center justify-center md:ml-auto 2xl:w-[500px]"
            >
              <div
                class="inline-flex w-full flex-col items-start justify-start rounded-xl bg-neutral-50 p-6 md:max-w-[590px] px-0 md:px-6"
                role="region"
              >
                <div
                  class="w-full"
                  data-orientation="vertical"
                >
                  <div
                    class="border-b"
                    data-orientation="vertical"
                    data-state="closed"
                  >
                    <h3
                      class="flex"
                      data-orientation="vertical"
                      data-state="closed"
                    >
                      <button
                        aria-controls="radix-:r6v:"
                        aria-expanded="false"
                        class="flex flex-1 items-center justify-between py-4 transition-all [&[data-state=open]>svg]:rotate-180 text-left text-base font-medium leading-normal text-neutral-950 hover:no-underline"
                        data-orientation="vertical"
                        data-radix-collection-item=""
                        data-state="closed"
                        id="radix-:r6u:"
                        type="button"
                      >
                        What is the purpose of this application?
                        <svg
                          class="lucide lucide-chevron-down h-4 w-4 shrink-0 transition-transform duration-200"
                          fill="none"
                          height="24"
                          stroke="currentColor"
                          stroke-linecap="round"
                          stroke-linejoin="round"
                          stroke-width="2"
                          viewBox="0 0 24 24"
                          width="24"
                          xmlns="http://www.w3.org/2000/svg"
                        >
                          <path
                            d="m6 9 6 6 6-6"
                          />
                        </svg>
                      </button>
                    </h3>
                    <div
                      aria-labelledby="radix-:r6u:"
                      class="overflow-hidden text-sm transition-all data-[state=closed]:animate-accordion-up data-[state=open]:animate-accordion-down"
                      data-orientation="vertical"
                      data-state="closed"
                      hidden=""
                      id="radix-:r6v:"
                      role="region"
                      style="--radix-accordion-content-height: var(--radix-collapsible-content-height); --radix-accordion-content-width: var(--radix-collapsible-content-width);"
                    />
                  </div>
                  <div
                    class="border-b"
                    data-orientation="vertical"
                    data-state="closed"
                  >
                    <h3
                      class="flex"
                      data-orientation="vertical"
                      data-state="closed"
                    >
                      <button
                        aria-controls="radix-:r71:"
                        aria-expanded="false"
                        class="flex flex-1 items-center justify-between py-4 transition-all [&[data-state=open]>svg]:rotate-180 text-left text-base font-medium leading-normal text-neutral-950 hover:no-underline"
                        data-orientation="vertical"
                        data-radix-collection-item=""
                        data-state="closed"
                        id="radix-:r70:"
                        type="button"
                      >
                        How do I reset my password?
                        <svg
                          class="lucide lucide-chevron-down h-4 w-4 shrink-0 transition-transform duration-200"
                          fill="none"
                          height="24"
                          stroke="currentColor"
                          stroke-linecap="round"
                          stroke-linejoin="round"
                          stroke-width="2"
                          viewBox="0 0 24 24"
                          width="24"
                          xmlns="http://www.w3.org/2000/svg"
                        >
                          <path
                            d="m6 9 6 6 6-6"
                          />
                        </svg>
                      </button>
                    </h3>
                    <div
                      aria-labelledby="radix-:r70:"
                      class="overflow-hidden text-sm transition-all data-[state=closed]:animate-accordion-up data-[state=open]:animate-accordion-down"
                      data-orientation="vertical"
                      data-state="closed"
                      hidden=""
                      id="radix-:r71:"
                      role="region"
                      style="--radix-accordion-content-height: var(--radix-collapsible-content-height); --radix-accordion-content-width: var(--radix-collapsible-content-width);"
                    />
                  </div>
                  <div
                    class="border-b"
                    data-orientation="vertical"
                    data-state="closed"
                  >
                    <h3
                      class="flex"
                      data-orientation="vertical"
                      data-state="closed"
                    >
                      <button
                        aria-controls="radix-:r73:"
                        aria-expanded="false"
                        class="flex flex-1 items-center justify-between py-4 transition-all [&[data-state=open]>svg]:rotate-180 text-left text-base font-medium leading-normal text-neutral-950 hover:no-underline"
                        data-orientation="vertical"
                        data-radix-collection-item=""
                        data-state="closed"
                        id="radix-:r72:"
                        type="button"
                      >
                        Can I use this application on multiple devices?
                        <svg
                          class="lucide lucide-chevron-down h-4 w-4 shrink-0 transition-transform duration-200"
                          fill="none"
                          height="24"
                          stroke="currentColor"
                          stroke-linecap="round"
                          stroke-linejoin="round"
                          stroke-width="2"
                          viewBox="0 0 24 24"
                          width="24"
                          xmlns="http://www.w3.org/2000/svg"
                        >
                          <path
                            d="m6 9 6 6 6-6"
                          />
                        </svg>
                      </button>
                    </h3>
                    <div
                      aria-labelledby="radix-:r72:"
                      class="overflow-hidden text-sm transition-all data-[state=closed]:animate-accordion-up data-[state=open]:animate-accordion-down"
                      data-orientation="vertical"
                      data-state="closed"
                      hidden=""
                      id="radix-:r73:"
                      role="region"
                      style="--radix-accordion-content-height: var(--radix-collapsible-content-height); --radix-accordion-content-width: var(--radix-collapsible-content-width);"
                    />
                  </div>
                </div>
              </div>
            </div>
          </div>
        </div>
        <div
          class="flex w-full items-center justify-center text-center"
        >
          <div
            class="inline-flex flex-col items-center justify-center gap-4 p-6 px-0 md:px-6"
          >
            <h1
              class="text-3xl font-bold text-orange-500"
            >
              Didn’t find an answer?
            </h1>
            <p
              class="text-lg font-normal text-neutral-600"
            >
              Contact us for more inquiries and information about our services.
            </p>
            <button
              class="inline-flex items-center justify-center gap-2 whitespace-nowrap text-sm font-medium transition-colors focus-visible:outline-none focus-visible:ring-1 focus-visible:ring-ring disabled:pointer-events-none disabled:opacity-50 bg-primary text-primary-foreground shadow h-10 rounded-md px-8"
              role="button"
            >
              Contact Us
            </button>
          </div>
        </div>
      </section>
    </div>
  </div>
</div>
`;

exports[`helpCenterPage > renders correctly at different screen sizes > mobile 1`] = `
<div>
  <div
    class="w-full bg-background"
  >
    <div
      class="w-full bg-primary/10"
    >
      <div
        class="mx-auto w-full max-w-[1349px]"
      >
        <section
          aria-labelledby="help-center-heading"
          class="flex w-full flex-col items-center justify-center gap-4 px-6 py-[24px] text-center md:px-0 md:py-24"
        >
          <span
            class="text-xl font-medium text-neutral-600"
            id="help-center-heading"
          >
            Help Center
          </span>
          <div
            class="flex h-48 flex-col items-center justify-center gap-5 self-stretch"
          >
            <h1
              aria-level="1"
              class="text-3xl font-bold text-neutral-950 md:text-6xl"
              role="heading"
            >
              How can we help You?
            </h1>
            <p
              class="text-center text-base font-normal text-neutral-600 md:text-lg"
            >
              Find advice and answers from our support team
            </p>
            <div
              class="group flex h-fit w-full items-center justify-start overflow-hidden rounded-xl border border-slate-300 bg-white px-2 py-[2px] text-xs font-normal leading-none text-neutral-600 focus-within:ring-1 focus-within:ring-primary focus-within:ring-offset-0 md:w-[466px] md:rounded-3xl"
            >
              <svg
                class="lucide lucide-search flex h-8 w-8 items-center justify-center p-1 text-muted-foreground"
                fill="none"
                height="24"
                stroke="currentColor"
                stroke-linecap="round"
                stroke-linejoin="round"
                stroke-width="2"
                viewBox="0 0 24 24"
                width="24"
                xmlns="http://www.w3.org/2000/svg"
              >
                <circle
                  cx="11"
                  cy="11"
                  r="8"
                />
                <path
                  d="m21 21-4.3-4.3"
                />
              </svg>
              <div
                class="flex w-full text-sm rounded-md transition-colors text-primary focus:outline-none focus:ring-1 focus:ring-primary border-border gap-2 flex-col"
              >
                <div
                  class="flex items-center"
                >
                  <input
                    aria-label="Search on any topic"
                    class="text-sm rounded-md transition-colors text-primary focus:outline-none focus:ring-1 focus:ring-primary border-border gap-2 flex-col border-none bg-transparent focus-visible:outline-none focus-visible:ring-0 focus-visible:ring-offset-0 w-full border px-4 py-2"
                    placeholder="Search on any topic..."
                    type="text"
                  />
                </div>
              </div>
            </div>
          </div>
        </section>
      </div>
    </div>
    <div
      class="mx-auto w-full max-w-[1349px]"
    >
      <section
        aria-labelledby="browse-topics-heading"
        class="flex flex-col items-center justify-start gap-7 px-6 py-24 md:px-24"
      >
        <span
          class="w-96 text-center text-3xl font-bold text-orange-500"
          id="browse-topics-heading"
        >
          Browse by topics
        </span>
        <div
          class="px grid w-full grid-cols-1 gap-x-[20px] gap-y-[12px] md:grid-cols-2 lg:grid-cols-3"
          data-orientation="vertical"
        >
          <div
            class="flex w-full flex-col border-b-0 bg-white px-6 py-6"
            data-orientation="vertical"
            data-state="closed"
          >
            <h3
              class="flex"
              data-orientation="vertical"
              data-state="closed"
            >
              <button
                aria-controls="radix-:r6d:"
                aria-expanded="false"
                aria-level="2"
                class="flex flex-1 items-center justify-between py-4 font-medium transition-all [&[data-state=open]>svg]:rotate-180 border-b-0 text-left hover:no-underline"
                data-orientation="vertical"
                data-radix-collection-item=""
                data-state="closed"
                id="topic-heading-0"
                role="heading"
                type="button"
              >
                What is EcoClean?
                <svg
                  class="lucide lucide-chevron-down h-4 w-4 shrink-0 transition-transform duration-200"
                  fill="none"
                  height="24"
                  stroke="currentColor"
                  stroke-linecap="round"
                  stroke-linejoin="round"
                  stroke-width="2"
                  viewBox="0 0 24 24"
                  width="24"
                  xmlns="http://www.w3.org/2000/svg"
                >
                  <path
                    d="m6 9 6 6 6-6"
                  />
                </svg>
              </button>
            </h3>
            <div
              aria-labelledby="topic-heading-0"
              class="overflow-hidden text-sm transition-all data-[state=closed]:animate-accordion-up data-[state=open]:animate-accordion-down"
              data-orientation="vertical"
              data-state="closed"
              hidden=""
              id="radix-:r6d:"
              role="region"
              style="--radix-accordion-content-height: var(--radix-collapsible-content-height); --radix-accordion-content-width: var(--radix-collapsible-content-width);"
            />
          </div>
          <div
            class="flex w-full flex-col border-b-0 bg-white px-6 py-6"
            data-orientation="vertical"
            data-state="closed"
          >
            <h3
              class="flex"
              data-orientation="vertical"
              data-state="closed"
            >
              <button
                aria-controls="radix-:r6f:"
                aria-expanded="false"
                aria-level="2"
                class="flex flex-1 items-center justify-between py-4 font-medium transition-all [&[data-state=open]>svg]:rotate-180 border-b-0 text-left hover:no-underline"
                data-orientation="vertical"
                data-radix-collection-item=""
                data-state="closed"
                id="topic-heading-1"
                role="heading"
                type="button"
              >
                How does EcoClean work?
                <svg
                  class="lucide lucide-chevron-down h-4 w-4 shrink-0 transition-transform duration-200"
                  fill="none"
                  height="24"
                  stroke="currentColor"
                  stroke-linecap="round"
                  stroke-linejoin="round"
                  stroke-width="2"
                  viewBox="0 0 24 24"
                  width="24"
                  xmlns="http://www.w3.org/2000/svg"
                >
                  <path
                    d="m6 9 6 6 6-6"
                  />
                </svg>
              </button>
            </h3>
            <div
              aria-labelledby="topic-heading-1"
              class="overflow-hidden text-sm transition-all data-[state=closed]:animate-accordion-up data-[state=open]:animate-accordion-down"
              data-orientation="vertical"
              data-state="closed"
              hidden=""
              id="radix-:r6f:"
              role="region"
              style="--radix-accordion-content-height: var(--radix-collapsible-content-height); --radix-accordion-content-width: var(--radix-collapsible-content-width);"
            />
          </div>
          <div
            class="flex w-full flex-col border-b-0 bg-white px-6 py-6"
            data-orientation="vertical"
            data-state="closed"
          >
            <h3
              class="flex"
              data-orientation="vertical"
              data-state="closed"
            >
              <button
                aria-controls="radix-:r6h:"
                aria-expanded="false"
                aria-level="2"
                class="flex flex-1 items-center justify-between py-4 font-medium transition-all [&[data-state=open]>svg]:rotate-180 border-b-0 text-left hover:no-underline"
                data-orientation="vertical"
                data-radix-collection-item=""
                data-state="closed"
                id="topic-heading-2"
                role="heading"
                type="button"
              >
                What are the key features of EcoClean?
                <svg
                  class="lucide lucide-chevron-down h-4 w-4 shrink-0 transition-transform duration-200"
                  fill="none"
                  height="24"
                  stroke="currentColor"
                  stroke-linecap="round"
                  stroke-linejoin="round"
                  stroke-width="2"
                  viewBox="0 0 24 24"
                  width="24"
                  xmlns="http://www.w3.org/2000/svg"
                >
                  <path
                    d="m6 9 6 6 6-6"
                  />
                </svg>
              </button>
            </h3>
            <div
              aria-labelledby="topic-heading-2"
              class="overflow-hidden text-sm transition-all data-[state=closed]:animate-accordion-up data-[state=open]:animate-accordion-down"
              data-orientation="vertical"
              data-state="closed"
              hidden=""
              id="radix-:r6h:"
              role="region"
              style="--radix-accordion-content-height: var(--radix-collapsible-content-height); --radix-accordion-content-width: var(--radix-collapsible-content-width);"
            />
          </div>
          <div
            class="flex w-full flex-col border-b-0 bg-white px-6 py-6"
            data-orientation="vertical"
            data-state="closed"
          >
            <h3
              class="flex"
              data-orientation="vertical"
              data-state="closed"
            >
              <button
                aria-controls="radix-:r6j:"
                aria-expanded="false"
                aria-level="2"
                class="flex flex-1 items-center justify-between py-4 font-medium transition-all [&[data-state=open]>svg]:rotate-180 border-b-0 text-left hover:no-underline"
                data-orientation="vertical"
                data-radix-collection-item=""
                data-state="closed"
                id="topic-heading-3"
                role="heading"
                type="button"
              >
                Who can benefit from using EcoClean?
                <svg
                  class="lucide lucide-chevron-down h-4 w-4 shrink-0 transition-transform duration-200"
                  fill="none"
                  height="24"
                  stroke="currentColor"
                  stroke-linecap="round"
                  stroke-linejoin="round"
                  stroke-width="2"
                  viewBox="0 0 24 24"
                  width="24"
                  xmlns="http://www.w3.org/2000/svg"
                >
                  <path
                    d="m6 9 6 6 6-6"
                  />
                </svg>
              </button>
            </h3>
            <div
              aria-labelledby="topic-heading-3"
              class="overflow-hidden text-sm transition-all data-[state=closed]:animate-accordion-up data-[state=open]:animate-accordion-down"
              data-orientation="vertical"
              data-state="closed"
              hidden=""
              id="radix-:r6j:"
              role="region"
              style="--radix-accordion-content-height: var(--radix-collapsible-content-height); --radix-accordion-content-width: var(--radix-collapsible-content-width);"
            />
          </div>
          <div
            class="flex w-full flex-col border-b-0 bg-white px-6 py-6"
            data-orientation="vertical"
            data-state="closed"
          >
            <h3
              class="flex"
              data-orientation="vertical"
              data-state="closed"
            >
              <button
                aria-controls="radix-:r6l:"
                aria-expanded="false"
                aria-level="2"
                class="flex flex-1 items-center justify-between py-4 font-medium transition-all [&[data-state=open]>svg]:rotate-180 border-b-0 text-left hover:no-underline"
                data-orientation="vertical"
                data-radix-collection-item=""
                data-state="closed"
                id="topic-heading-4"
                role="heading"
                type="button"
              >
                What are the system requirements for EcoClean?
                <svg
                  class="lucide lucide-chevron-down h-4 w-4 shrink-0 transition-transform duration-200"
                  fill="none"
                  height="24"
                  stroke="currentColor"
                  stroke-linecap="round"
                  stroke-linejoin="round"
                  stroke-width="2"
                  viewBox="0 0 24 24"
                  width="24"
                  xmlns="http://www.w3.org/2000/svg"
                >
                  <path
                    d="m6 9 6 6 6-6"
                  />
                </svg>
              </button>
            </h3>
            <div
              aria-labelledby="topic-heading-4"
              class="overflow-hidden text-sm transition-all data-[state=closed]:animate-accordion-up data-[state=open]:animate-accordion-down"
              data-orientation="vertical"
              data-state="closed"
              hidden=""
              id="radix-:r6l:"
              role="region"
              style="--radix-accordion-content-height: var(--radix-collapsible-content-height); --radix-accordion-content-width: var(--radix-collapsible-content-width);"
            />
          </div>
          <div
            class="flex w-full flex-col border-b-0 bg-white px-6 py-6"
            data-orientation="vertical"
            data-state="closed"
          >
            <h3
              class="flex"
              data-orientation="vertical"
              data-state="closed"
            >
              <button
                aria-controls="radix-:r6n:"
                aria-expanded="false"
                aria-level="2"
                class="flex flex-1 items-center justify-between py-4 font-medium transition-all [&[data-state=open]>svg]:rotate-180 border-b-0 text-left hover:no-underline"
                data-orientation="vertical"
                data-radix-collection-item=""
                data-state="closed"
                id="topic-heading-5"
                role="heading"
                type="button"
              >
                How do I use EcoClean?
                <svg
                  class="lucide lucide-chevron-down h-4 w-4 shrink-0 transition-transform duration-200"
                  fill="none"
                  height="24"
                  stroke="currentColor"
                  stroke-linecap="round"
                  stroke-linejoin="round"
                  stroke-width="2"
                  viewBox="0 0 24 24"
                  width="24"
                  xmlns="http://www.w3.org/2000/svg"
                >
                  <path
                    d="m6 9 6 6 6-6"
                  />
                </svg>
              </button>
            </h3>
            <div
              aria-labelledby="topic-heading-5"
              class="overflow-hidden text-sm transition-all data-[state=closed]:animate-accordion-up data-[state=open]:animate-accordion-down"
              data-orientation="vertical"
              data-state="closed"
              hidden=""
              id="radix-:r6n:"
              role="region"
              style="--radix-accordion-content-height: var(--radix-collapsible-content-height); --radix-accordion-content-width: var(--radix-collapsible-content-width);"
            />
          </div>
          <div
            class="flex w-full flex-col border-b-0 bg-white px-6 py-6"
            data-orientation="vertical"
            data-state="closed"
          >
            <h3
              class="flex"
              data-orientation="vertical"
              data-state="closed"
            >
              <button
                aria-controls="radix-:r6p:"
                aria-expanded="false"
                aria-level="2"
                class="flex flex-1 items-center justify-between py-4 font-medium transition-all [&[data-state=open]>svg]:rotate-180 border-b-0 text-left hover:no-underline"
                data-orientation="vertical"
                data-radix-collection-item=""
                data-state="closed"
                id="topic-heading-6"
                role="heading"
                type="button"
              >
                How do I store EcoClean?
                <svg
                  class="lucide lucide-chevron-down h-4 w-4 shrink-0 transition-transform duration-200"
                  fill="none"
                  height="24"
                  stroke="currentColor"
                  stroke-linecap="round"
                  stroke-linejoin="round"
                  stroke-width="2"
                  viewBox="0 0 24 24"
                  width="24"
                  xmlns="http://www.w3.org/2000/svg"
                >
                  <path
                    d="m6 9 6 6 6-6"
                  />
                </svg>
              </button>
            </h3>
            <div
              aria-labelledby="topic-heading-6"
              class="overflow-hidden text-sm transition-all data-[state=closed]:animate-accordion-up data-[state=open]:animate-accordion-down"
              data-orientation="vertical"
              data-state="closed"
              hidden=""
              id="radix-:r6p:"
              role="region"
              style="--radix-accordion-content-height: var(--radix-collapsible-content-height); --radix-accordion-content-width: var(--radix-collapsible-content-width);"
            />
          </div>
          <div
            class="flex w-full flex-col border-b-0 bg-white px-6 py-6"
            data-orientation="vertical"
            data-state="closed"
          >
            <h3
              class="flex"
              data-orientation="vertical"
              data-state="closed"
            >
              <button
                aria-controls="radix-:r6r:"
                aria-expanded="false"
                aria-level="2"
                class="flex flex-1 items-center justify-between py-4 font-medium transition-all [&[data-state=open]>svg]:rotate-180 border-b-0 text-left hover:no-underline"
                data-orientation="vertical"
                data-radix-collection-item=""
                data-state="closed"
                id="topic-heading-7"
                role="heading"
                type="button"
              >
                How much does EcoClean cost?
                <svg
                  class="lucide lucide-chevron-down h-4 w-4 shrink-0 transition-transform duration-200"
                  fill="none"
                  height="24"
                  stroke="currentColor"
                  stroke-linecap="round"
                  stroke-linejoin="round"
                  stroke-width="2"
                  viewBox="0 0 24 24"
                  width="24"
                  xmlns="http://www.w3.org/2000/svg"
                >
                  <path
                    d="m6 9 6 6 6-6"
                  />
                </svg>
              </button>
            </h3>
            <div
              aria-labelledby="topic-heading-7"
              class="overflow-hidden text-sm transition-all data-[state=closed]:animate-accordion-up data-[state=open]:animate-accordion-down"
              data-orientation="vertical"
              data-state="closed"
              hidden=""
              id="radix-:r6r:"
              role="region"
              style="--radix-accordion-content-height: var(--radix-collapsible-content-height); --radix-accordion-content-width: var(--radix-collapsible-content-width);"
            />
          </div>
          <div
            class="flex w-full flex-col border-b-0 bg-white px-6 py-6"
            data-orientation="vertical"
            data-state="closed"
          >
            <h3
              class="flex"
              data-orientation="vertical"
              data-state="closed"
            >
              <button
                aria-controls="radix-:r6t:"
                aria-expanded="false"
                aria-level="2"
                class="flex flex-1 items-center justify-between py-4 font-medium transition-all [&[data-state=open]>svg]:rotate-180 border-b-0 text-left hover:no-underline"
                data-orientation="vertical"
                data-radix-collection-item=""
                data-state="closed"
                id="topic-heading-8"
                role="heading"
                type="button"
              >
                Are there any discounts available?
                <svg
                  class="lucide lucide-chevron-down h-4 w-4 shrink-0 transition-transform duration-200"
                  fill="none"
                  height="24"
                  stroke="currentColor"
                  stroke-linecap="round"
                  stroke-linejoin="round"
                  stroke-width="2"
                  viewBox="0 0 24 24"
                  width="24"
                  xmlns="http://www.w3.org/2000/svg"
                >
                  <path
                    d="m6 9 6 6 6-6"
                  />
                </svg>
              </button>
            </h3>
            <div
              aria-labelledby="topic-heading-8"
              class="overflow-hidden text-sm transition-all data-[state=closed]:animate-accordion-up data-[state=open]:animate-accordion-down"
              data-orientation="vertical"
              data-state="closed"
              hidden=""
              id="radix-:r6t:"
              role="region"
              style="--radix-accordion-content-height: var(--radix-collapsible-content-height); --radix-accordion-content-width: var(--radix-collapsible-content-width);"
            />
          </div>
        </div>
      </section>
      <section
        class="flex w-full flex-col items-center justify-center gap-20 px-6 pb-24 pt-12 md:px-24"
      >
        <div
          class="grid w-full grid-cols-1 justify-items-stretch gap-y-8 xl:grid-cols-2"
        >
          <div
            class="flex flex-col gap-3"
          >
            <h1
              aria-level="1"
              class="self-stretch text-4xl font-semibold text-neutral-600"
              role="heading"
            >
              Frequently Asked Questions
            </h1>
            <p
              class="self-stretch text-2xl font-normal text-neutral-600"
            >
              We couldn’t answer your question?
            </p>
            <button
              class="inline-flex items-center justify-center gap-2 whitespace-nowrap font-medium transition-colors focus-visible:outline-none focus-visible:ring-1 focus-visible:ring-ring disabled:pointer-events-none disabled:opacity-50 bg-outline text-outline-foreground shadow-sm border border-border hover:bg-outline-hover rounded-md px-3 text-xs h-8 w-28"
              role="button"
            >
              Contact us
            </button>
          </div>
          <div
            class="flex w-full"
          >
            <div
              class="flex w-full items-center justify-center md:ml-auto 2xl:w-[500px]"
            >
              <div
                class="inline-flex w-full flex-col items-start justify-start rounded-xl bg-neutral-50 p-6 md:max-w-[590px] px-0 md:px-6"
                role="region"
              >
                <div
                  class="w-full"
                  data-orientation="vertical"
                >
                  <div
                    class="border-b"
                    data-orientation="vertical"
                    data-state="closed"
                  >
                    <h3
                      class="flex"
                      data-orientation="vertical"
                      data-state="closed"
                    >
                      <button
                        aria-controls="radix-:r6v:"
                        aria-expanded="false"
                        class="flex flex-1 items-center justify-between py-4 transition-all [&[data-state=open]>svg]:rotate-180 text-left text-base font-medium leading-normal text-neutral-950 hover:no-underline"
                        data-orientation="vertical"
                        data-radix-collection-item=""
                        data-state="closed"
                        id="radix-:r6u:"
                        type="button"
                      >
                        What is the purpose of this application?
                        <svg
                          class="lucide lucide-chevron-down h-4 w-4 shrink-0 transition-transform duration-200"
                          fill="none"
                          height="24"
                          stroke="currentColor"
                          stroke-linecap="round"
                          stroke-linejoin="round"
                          stroke-width="2"
                          viewBox="0 0 24 24"
                          width="24"
                          xmlns="http://www.w3.org/2000/svg"
                        >
                          <path
                            d="m6 9 6 6 6-6"
                          />
                        </svg>
                      </button>
                    </h3>
                    <div
                      aria-labelledby="radix-:r6u:"
                      class="overflow-hidden text-sm transition-all data-[state=closed]:animate-accordion-up data-[state=open]:animate-accordion-down"
                      data-orientation="vertical"
                      data-state="closed"
                      hidden=""
                      id="radix-:r6v:"
                      role="region"
                      style="--radix-accordion-content-height: var(--radix-collapsible-content-height); --radix-accordion-content-width: var(--radix-collapsible-content-width);"
                    />
                  </div>
                  <div
                    class="border-b"
                    data-orientation="vertical"
                    data-state="closed"
                  >
                    <h3
                      class="flex"
                      data-orientation="vertical"
                      data-state="closed"
                    >
                      <button
                        aria-controls="radix-:r71:"
                        aria-expanded="false"
                        class="flex flex-1 items-center justify-between py-4 transition-all [&[data-state=open]>svg]:rotate-180 text-left text-base font-medium leading-normal text-neutral-950 hover:no-underline"
                        data-orientation="vertical"
                        data-radix-collection-item=""
                        data-state="closed"
                        id="radix-:r70:"
                        type="button"
                      >
                        How do I reset my password?
                        <svg
                          class="lucide lucide-chevron-down h-4 w-4 shrink-0 transition-transform duration-200"
                          fill="none"
                          height="24"
                          stroke="currentColor"
                          stroke-linecap="round"
                          stroke-linejoin="round"
                          stroke-width="2"
                          viewBox="0 0 24 24"
                          width="24"
                          xmlns="http://www.w3.org/2000/svg"
                        >
                          <path
                            d="m6 9 6 6 6-6"
                          />
                        </svg>
                      </button>
                    </h3>
                    <div
                      aria-labelledby="radix-:r70:"
                      class="overflow-hidden text-sm transition-all data-[state=closed]:animate-accordion-up data-[state=open]:animate-accordion-down"
                      data-orientation="vertical"
                      data-state="closed"
                      hidden=""
                      id="radix-:r71:"
                      role="region"
                      style="--radix-accordion-content-height: var(--radix-collapsible-content-height); --radix-accordion-content-width: var(--radix-collapsible-content-width);"
                    />
                  </div>
                  <div
                    class="border-b"
                    data-orientation="vertical"
                    data-state="closed"
                  >
                    <h3
                      class="flex"
                      data-orientation="vertical"
                      data-state="closed"
                    >
                      <button
                        aria-controls="radix-:r73:"
                        aria-expanded="false"
                        class="flex flex-1 items-center justify-between py-4 transition-all [&[data-state=open]>svg]:rotate-180 text-left text-base font-medium leading-normal text-neutral-950 hover:no-underline"
                        data-orientation="vertical"
                        data-radix-collection-item=""
                        data-state="closed"
                        id="radix-:r72:"
                        type="button"
                      >
                        Can I use this application on multiple devices?
                        <svg
                          class="lucide lucide-chevron-down h-4 w-4 shrink-0 transition-transform duration-200"
                          fill="none"
                          height="24"
                          stroke="currentColor"
                          stroke-linecap="round"
                          stroke-linejoin="round"
                          stroke-width="2"
                          viewBox="0 0 24 24"
                          width="24"
                          xmlns="http://www.w3.org/2000/svg"
                        >
                          <path
                            d="m6 9 6 6 6-6"
                          />
                        </svg>
                      </button>
                    </h3>
                    <div
                      aria-labelledby="radix-:r72:"
                      class="overflow-hidden text-sm transition-all data-[state=closed]:animate-accordion-up data-[state=open]:animate-accordion-down"
                      data-orientation="vertical"
                      data-state="closed"
                      hidden=""
                      id="radix-:r73:"
                      role="region"
                      style="--radix-accordion-content-height: var(--radix-collapsible-content-height); --radix-accordion-content-width: var(--radix-collapsible-content-width);"
                    />
                  </div>
                </div>
              </div>
            </div>
          </div>
        </div>
        <div
          class="flex w-full items-center justify-center text-center"
        >
          <div
            class="inline-flex flex-col items-center justify-center gap-4 p-6 px-0 md:px-6"
          >
            <h1
              class="text-3xl font-bold text-orange-500"
            >
              Didn’t find an answer?
            </h1>
            <p
              class="text-lg font-normal text-neutral-600"
            >
              Contact us for more inquiries and information about our services.
            </p>
            <button
              class="inline-flex items-center justify-center gap-2 whitespace-nowrap text-sm font-medium transition-colors focus-visible:outline-none focus-visible:ring-1 focus-visible:ring-ring disabled:pointer-events-none disabled:opacity-50 bg-primary text-primary-foreground shadow h-10 rounded-md px-8"
              role="button"
            >
              Contact Us
            </button>
          </div>
        </div>
      </section>
    </div>
  </div>
</div>
`;

exports[`helpCenterPage > renders correctly at different screen sizes > tablet 1`] = `
<div>
  <div
    class="w-full bg-background"
  >
    <div
      class="w-full bg-primary/10"
    >
      <div
        class="mx-auto w-full max-w-[1349px]"
      >
        <section
          aria-labelledby="help-center-heading"
          class="flex w-full flex-col items-center justify-center gap-4 px-6 py-[24px] text-center md:px-0 md:py-24"
        >
          <span
            class="text-xl font-medium text-neutral-600"
            id="help-center-heading"
          >
            Help Center
          </span>
          <div
            class="flex h-48 flex-col items-center justify-center gap-5 self-stretch"
          >
            <h1
              aria-level="1"
              class="text-3xl font-bold text-neutral-950 md:text-6xl"
              role="heading"
            >
              How can we help You?
            </h1>
            <p
              class="text-center text-base font-normal text-neutral-600 md:text-lg"
            >
              Find advice and answers from our support team
            </p>
            <div
              class="group flex h-fit w-full items-center justify-start overflow-hidden rounded-xl border border-slate-300 bg-white px-2 py-[2px] text-xs font-normal leading-none text-neutral-600 focus-within:ring-1 focus-within:ring-primary focus-within:ring-offset-0 md:w-[466px] md:rounded-3xl"
            >
              <svg
                class="lucide lucide-search flex h-8 w-8 items-center justify-center p-1 text-muted-foreground"
                fill="none"
                height="24"
                stroke="currentColor"
                stroke-linecap="round"
                stroke-linejoin="round"
                stroke-width="2"
                viewBox="0 0 24 24"
                width="24"
                xmlns="http://www.w3.org/2000/svg"
              >
                <circle
                  cx="11"
                  cy="11"
                  r="8"
                />
                <path
                  d="m21 21-4.3-4.3"
                />
              </svg>
              <div
                class="flex w-full text-sm rounded-md transition-colors text-primary focus:outline-none focus:ring-1 focus:ring-primary border-border gap-2 flex-col"
              >
                <div
                  class="flex items-center"
                >
                  <input
                    aria-label="Search on any topic"
                    class="text-sm rounded-md transition-colors text-primary focus:outline-none focus:ring-1 focus:ring-primary border-border gap-2 flex-col border-none bg-transparent focus-visible:outline-none focus-visible:ring-0 focus-visible:ring-offset-0 w-full border px-4 py-2"
                    placeholder="Search on any topic..."
                    type="text"
                  />
                </div>
              </div>
            </div>
          </div>
        </section>
      </div>
    </div>
    <div
      class="mx-auto w-full max-w-[1349px]"
    >
      <section
        aria-labelledby="browse-topics-heading"
        class="flex flex-col items-center justify-start gap-7 px-6 py-24 md:px-24"
      >
        <span
          class="w-96 text-center text-3xl font-bold text-orange-500"
          id="browse-topics-heading"
        >
          Browse by topics
        </span>
        <div
          class="px grid w-full grid-cols-1 gap-x-[20px] gap-y-[12px] md:grid-cols-2 lg:grid-cols-3"
          data-orientation="vertical"
        >
          <div
            class="flex w-full flex-col border-b-0 bg-white px-6 py-6"
            data-orientation="vertical"
            data-state="closed"
          >
            <h3
              class="flex"
              data-orientation="vertical"
              data-state="closed"
            >
              <button
                aria-controls="radix-:r6d:"
                aria-expanded="false"
                aria-level="2"
                class="flex flex-1 items-center justify-between py-4 font-medium transition-all [&[data-state=open]>svg]:rotate-180 border-b-0 text-left hover:no-underline"
                data-orientation="vertical"
                data-radix-collection-item=""
                data-state="closed"
                id="topic-heading-0"
                role="heading"
                type="button"
              >
                What is EcoClean?
                <svg
                  class="lucide lucide-chevron-down h-4 w-4 shrink-0 transition-transform duration-200"
                  fill="none"
                  height="24"
                  stroke="currentColor"
                  stroke-linecap="round"
                  stroke-linejoin="round"
                  stroke-width="2"
                  viewBox="0 0 24 24"
                  width="24"
                  xmlns="http://www.w3.org/2000/svg"
                >
                  <path
                    d="m6 9 6 6 6-6"
                  />
                </svg>
              </button>
            </h3>
            <div
              aria-labelledby="topic-heading-0"
              class="overflow-hidden text-sm transition-all data-[state=closed]:animate-accordion-up data-[state=open]:animate-accordion-down"
              data-orientation="vertical"
              data-state="closed"
              hidden=""
              id="radix-:r6d:"
              role="region"
              style="--radix-accordion-content-height: var(--radix-collapsible-content-height); --radix-accordion-content-width: var(--radix-collapsible-content-width);"
            />
          </div>
          <div
            class="flex w-full flex-col border-b-0 bg-white px-6 py-6"
            data-orientation="vertical"
            data-state="closed"
          >
            <h3
              class="flex"
              data-orientation="vertical"
              data-state="closed"
            >
              <button
                aria-controls="radix-:r6f:"
                aria-expanded="false"
                aria-level="2"
                class="flex flex-1 items-center justify-between py-4 font-medium transition-all [&[data-state=open]>svg]:rotate-180 border-b-0 text-left hover:no-underline"
                data-orientation="vertical"
                data-radix-collection-item=""
                data-state="closed"
                id="topic-heading-1"
                role="heading"
                type="button"
              >
                How does EcoClean work?
                <svg
                  class="lucide lucide-chevron-down h-4 w-4 shrink-0 transition-transform duration-200"
                  fill="none"
                  height="24"
                  stroke="currentColor"
                  stroke-linecap="round"
                  stroke-linejoin="round"
                  stroke-width="2"
                  viewBox="0 0 24 24"
                  width="24"
                  xmlns="http://www.w3.org/2000/svg"
                >
                  <path
                    d="m6 9 6 6 6-6"
                  />
                </svg>
              </button>
            </h3>
            <div
              aria-labelledby="topic-heading-1"
              class="overflow-hidden text-sm transition-all data-[state=closed]:animate-accordion-up data-[state=open]:animate-accordion-down"
              data-orientation="vertical"
              data-state="closed"
              hidden=""
              id="radix-:r6f:"
              role="region"
              style="--radix-accordion-content-height: var(--radix-collapsible-content-height); --radix-accordion-content-width: var(--radix-collapsible-content-width);"
            />
          </div>
          <div
            class="flex w-full flex-col border-b-0 bg-white px-6 py-6"
            data-orientation="vertical"
            data-state="closed"
          >
            <h3
              class="flex"
              data-orientation="vertical"
              data-state="closed"
            >
              <button
                aria-controls="radix-:r6h:"
                aria-expanded="false"
                aria-level="2"
                class="flex flex-1 items-center justify-between py-4 font-medium transition-all [&[data-state=open]>svg]:rotate-180 border-b-0 text-left hover:no-underline"
                data-orientation="vertical"
                data-radix-collection-item=""
                data-state="closed"
                id="topic-heading-2"
                role="heading"
                type="button"
              >
                What are the key features of EcoClean?
                <svg
                  class="lucide lucide-chevron-down h-4 w-4 shrink-0 transition-transform duration-200"
                  fill="none"
                  height="24"
                  stroke="currentColor"
                  stroke-linecap="round"
                  stroke-linejoin="round"
                  stroke-width="2"
                  viewBox="0 0 24 24"
                  width="24"
                  xmlns="http://www.w3.org/2000/svg"
                >
                  <path
                    d="m6 9 6 6 6-6"
                  />
                </svg>
              </button>
            </h3>
            <div
              aria-labelledby="topic-heading-2"
              class="overflow-hidden text-sm transition-all data-[state=closed]:animate-accordion-up data-[state=open]:animate-accordion-down"
              data-orientation="vertical"
              data-state="closed"
              hidden=""
              id="radix-:r6h:"
              role="region"
              style="--radix-accordion-content-height: var(--radix-collapsible-content-height); --radix-accordion-content-width: var(--radix-collapsible-content-width);"
            />
          </div>
          <div
            class="flex w-full flex-col border-b-0 bg-white px-6 py-6"
            data-orientation="vertical"
            data-state="closed"
          >
            <h3
              class="flex"
              data-orientation="vertical"
              data-state="closed"
            >
              <button
                aria-controls="radix-:r6j:"
                aria-expanded="false"
                aria-level="2"
                class="flex flex-1 items-center justify-between py-4 font-medium transition-all [&[data-state=open]>svg]:rotate-180 border-b-0 text-left hover:no-underline"
                data-orientation="vertical"
                data-radix-collection-item=""
                data-state="closed"
                id="topic-heading-3"
                role="heading"
                type="button"
              >
                Who can benefit from using EcoClean?
                <svg
                  class="lucide lucide-chevron-down h-4 w-4 shrink-0 transition-transform duration-200"
                  fill="none"
                  height="24"
                  stroke="currentColor"
                  stroke-linecap="round"
                  stroke-linejoin="round"
                  stroke-width="2"
                  viewBox="0 0 24 24"
                  width="24"
                  xmlns="http://www.w3.org/2000/svg"
                >
                  <path
                    d="m6 9 6 6 6-6"
                  />
                </svg>
              </button>
            </h3>
            <div
              aria-labelledby="topic-heading-3"
              class="overflow-hidden text-sm transition-all data-[state=closed]:animate-accordion-up data-[state=open]:animate-accordion-down"
              data-orientation="vertical"
              data-state="closed"
              hidden=""
              id="radix-:r6j:"
              role="region"
              style="--radix-accordion-content-height: var(--radix-collapsible-content-height); --radix-accordion-content-width: var(--radix-collapsible-content-width);"
            />
          </div>
          <div
            class="flex w-full flex-col border-b-0 bg-white px-6 py-6"
            data-orientation="vertical"
            data-state="closed"
          >
            <h3
              class="flex"
              data-orientation="vertical"
              data-state="closed"
            >
              <button
                aria-controls="radix-:r6l:"
                aria-expanded="false"
                aria-level="2"
                class="flex flex-1 items-center justify-between py-4 font-medium transition-all [&[data-state=open]>svg]:rotate-180 border-b-0 text-left hover:no-underline"
                data-orientation="vertical"
                data-radix-collection-item=""
                data-state="closed"
                id="topic-heading-4"
                role="heading"
                type="button"
              >
                What are the system requirements for EcoClean?
                <svg
                  class="lucide lucide-chevron-down h-4 w-4 shrink-0 transition-transform duration-200"
                  fill="none"
                  height="24"
                  stroke="currentColor"
                  stroke-linecap="round"
                  stroke-linejoin="round"
                  stroke-width="2"
                  viewBox="0 0 24 24"
                  width="24"
                  xmlns="http://www.w3.org/2000/svg"
                >
                  <path
                    d="m6 9 6 6 6-6"
                  />
                </svg>
              </button>
            </h3>
            <div
              aria-labelledby="topic-heading-4"
              class="overflow-hidden text-sm transition-all data-[state=closed]:animate-accordion-up data-[state=open]:animate-accordion-down"
              data-orientation="vertical"
              data-state="closed"
              hidden=""
              id="radix-:r6l:"
              role="region"
              style="--radix-accordion-content-height: var(--radix-collapsible-content-height); --radix-accordion-content-width: var(--radix-collapsible-content-width);"
            />
          </div>
          <div
            class="flex w-full flex-col border-b-0 bg-white px-6 py-6"
            data-orientation="vertical"
            data-state="closed"
          >
            <h3
              class="flex"
              data-orientation="vertical"
              data-state="closed"
            >
              <button
                aria-controls="radix-:r6n:"
                aria-expanded="false"
                aria-level="2"
                class="flex flex-1 items-center justify-between py-4 font-medium transition-all [&[data-state=open]>svg]:rotate-180 border-b-0 text-left hover:no-underline"
                data-orientation="vertical"
                data-radix-collection-item=""
                data-state="closed"
                id="topic-heading-5"
                role="heading"
                type="button"
              >
                How do I use EcoClean?
                <svg
                  class="lucide lucide-chevron-down h-4 w-4 shrink-0 transition-transform duration-200"
                  fill="none"
                  height="24"
                  stroke="currentColor"
                  stroke-linecap="round"
                  stroke-linejoin="round"
                  stroke-width="2"
                  viewBox="0 0 24 24"
                  width="24"
                  xmlns="http://www.w3.org/2000/svg"
                >
                  <path
                    d="m6 9 6 6 6-6"
                  />
                </svg>
              </button>
            </h3>
            <div
              aria-labelledby="topic-heading-5"
              class="overflow-hidden text-sm transition-all data-[state=closed]:animate-accordion-up data-[state=open]:animate-accordion-down"
              data-orientation="vertical"
              data-state="closed"
              hidden=""
              id="radix-:r6n:"
              role="region"
              style="--radix-accordion-content-height: var(--radix-collapsible-content-height); --radix-accordion-content-width: var(--radix-collapsible-content-width);"
            />
          </div>
          <div
            class="flex w-full flex-col border-b-0 bg-white px-6 py-6"
            data-orientation="vertical"
            data-state="closed"
          >
            <h3
              class="flex"
              data-orientation="vertical"
              data-state="closed"
            >
              <button
                aria-controls="radix-:r6p:"
                aria-expanded="false"
                aria-level="2"
                class="flex flex-1 items-center justify-between py-4 font-medium transition-all [&[data-state=open]>svg]:rotate-180 border-b-0 text-left hover:no-underline"
                data-orientation="vertical"
                data-radix-collection-item=""
                data-state="closed"
                id="topic-heading-6"
                role="heading"
                type="button"
              >
                How do I store EcoClean?
                <svg
                  class="lucide lucide-chevron-down h-4 w-4 shrink-0 transition-transform duration-200"
                  fill="none"
                  height="24"
                  stroke="currentColor"
                  stroke-linecap="round"
                  stroke-linejoin="round"
                  stroke-width="2"
                  viewBox="0 0 24 24"
                  width="24"
                  xmlns="http://www.w3.org/2000/svg"
                >
                  <path
                    d="m6 9 6 6 6-6"
                  />
                </svg>
              </button>
            </h3>
            <div
              aria-labelledby="topic-heading-6"
              class="overflow-hidden text-sm transition-all data-[state=closed]:animate-accordion-up data-[state=open]:animate-accordion-down"
              data-orientation="vertical"
              data-state="closed"
              hidden=""
              id="radix-:r6p:"
              role="region"
              style="--radix-accordion-content-height: var(--radix-collapsible-content-height); --radix-accordion-content-width: var(--radix-collapsible-content-width);"
            />
          </div>
          <div
            class="flex w-full flex-col border-b-0 bg-white px-6 py-6"
            data-orientation="vertical"
            data-state="closed"
          >
            <h3
              class="flex"
              data-orientation="vertical"
              data-state="closed"
            >
              <button
                aria-controls="radix-:r6r:"
                aria-expanded="false"
                aria-level="2"
                class="flex flex-1 items-center justify-between py-4 font-medium transition-all [&[data-state=open]>svg]:rotate-180 border-b-0 text-left hover:no-underline"
                data-orientation="vertical"
                data-radix-collection-item=""
                data-state="closed"
                id="topic-heading-7"
                role="heading"
                type="button"
              >
                How much does EcoClean cost?
                <svg
                  class="lucide lucide-chevron-down h-4 w-4 shrink-0 transition-transform duration-200"
                  fill="none"
                  height="24"
                  stroke="currentColor"
                  stroke-linecap="round"
                  stroke-linejoin="round"
                  stroke-width="2"
                  viewBox="0 0 24 24"
                  width="24"
                  xmlns="http://www.w3.org/2000/svg"
                >
                  <path
                    d="m6 9 6 6 6-6"
                  />
                </svg>
              </button>
            </h3>
            <div
              aria-labelledby="topic-heading-7"
              class="overflow-hidden text-sm transition-all data-[state=closed]:animate-accordion-up data-[state=open]:animate-accordion-down"
              data-orientation="vertical"
              data-state="closed"
              hidden=""
              id="radix-:r6r:"
              role="region"
              style="--radix-accordion-content-height: var(--radix-collapsible-content-height); --radix-accordion-content-width: var(--radix-collapsible-content-width);"
            />
          </div>
          <div
            class="flex w-full flex-col border-b-0 bg-white px-6 py-6"
            data-orientation="vertical"
            data-state="closed"
          >
            <h3
              class="flex"
              data-orientation="vertical"
              data-state="closed"
            >
              <button
                aria-controls="radix-:r6t:"
                aria-expanded="false"
                aria-level="2"
                class="flex flex-1 items-center justify-between py-4 font-medium transition-all [&[data-state=open]>svg]:rotate-180 border-b-0 text-left hover:no-underline"
                data-orientation="vertical"
                data-radix-collection-item=""
                data-state="closed"
                id="topic-heading-8"
                role="heading"
                type="button"
              >
                Are there any discounts available?
                <svg
                  class="lucide lucide-chevron-down h-4 w-4 shrink-0 transition-transform duration-200"
                  fill="none"
                  height="24"
                  stroke="currentColor"
                  stroke-linecap="round"
                  stroke-linejoin="round"
                  stroke-width="2"
                  viewBox="0 0 24 24"
                  width="24"
                  xmlns="http://www.w3.org/2000/svg"
                >
                  <path
                    d="m6 9 6 6 6-6"
                  />
                </svg>
              </button>
            </h3>
            <div
              aria-labelledby="topic-heading-8"
              class="overflow-hidden text-sm transition-all data-[state=closed]:animate-accordion-up data-[state=open]:animate-accordion-down"
              data-orientation="vertical"
              data-state="closed"
              hidden=""
              id="radix-:r6t:"
              role="region"
              style="--radix-accordion-content-height: var(--radix-collapsible-content-height); --radix-accordion-content-width: var(--radix-collapsible-content-width);"
            />
          </div>
        </div>
      </section>
      <section
        class="flex w-full flex-col items-center justify-center gap-20 px-6 pb-24 pt-12 md:px-24"
      >
        <div
          class="grid w-full grid-cols-1 justify-items-stretch gap-y-8 xl:grid-cols-2"
        >
          <div
            class="flex flex-col gap-3"
          >
            <h1
              aria-level="1"
              class="self-stretch text-4xl font-semibold text-neutral-600"
              role="heading"
            >
              Frequently Asked Questions
            </h1>
            <p
              class="self-stretch text-2xl font-normal text-neutral-600"
            >
              We couldn’t answer your question?
            </p>
            <button
              class="inline-flex items-center justify-center gap-2 whitespace-nowrap font-medium transition-colors focus-visible:outline-none focus-visible:ring-1 focus-visible:ring-ring disabled:pointer-events-none disabled:opacity-50 bg-outline text-outline-foreground shadow-sm border border-border hover:bg-outline-hover rounded-md px-3 text-xs h-8 w-28"
              role="button"
            >
              Contact us
            </button>
          </div>
          <div
            class="flex w-full"
          >
            <div
              class="flex w-full items-center justify-center md:ml-auto 2xl:w-[500px]"
            >
              <div
                class="inline-flex w-full flex-col items-start justify-start rounded-xl bg-neutral-50 p-6 md:max-w-[590px] px-0 md:px-6"
                role="region"
              >
                <div
                  class="w-full"
                  data-orientation="vertical"
                >
                  <div
                    class="border-b"
                    data-orientation="vertical"
                    data-state="closed"
                  >
                    <h3
                      class="flex"
                      data-orientation="vertical"
                      data-state="closed"
                    >
                      <button
                        aria-controls="radix-:r6v:"
                        aria-expanded="false"
                        class="flex flex-1 items-center justify-between py-4 transition-all [&[data-state=open]>svg]:rotate-180 text-left text-base font-medium leading-normal text-neutral-950 hover:no-underline"
                        data-orientation="vertical"
                        data-radix-collection-item=""
                        data-state="closed"
                        id="radix-:r6u:"
                        type="button"
                      >
                        What is the purpose of this application?
                        <svg
                          class="lucide lucide-chevron-down h-4 w-4 shrink-0 transition-transform duration-200"
                          fill="none"
                          height="24"
                          stroke="currentColor"
                          stroke-linecap="round"
                          stroke-linejoin="round"
                          stroke-width="2"
                          viewBox="0 0 24 24"
                          width="24"
                          xmlns="http://www.w3.org/2000/svg"
                        >
                          <path
                            d="m6 9 6 6 6-6"
                          />
                        </svg>
                      </button>
                    </h3>
                    <div
                      aria-labelledby="radix-:r6u:"
                      class="overflow-hidden text-sm transition-all data-[state=closed]:animate-accordion-up data-[state=open]:animate-accordion-down"
                      data-orientation="vertical"
                      data-state="closed"
                      hidden=""
                      id="radix-:r6v:"
                      role="region"
                      style="--radix-accordion-content-height: var(--radix-collapsible-content-height); --radix-accordion-content-width: var(--radix-collapsible-content-width);"
                    />
                  </div>
                  <div
                    class="border-b"
                    data-orientation="vertical"
                    data-state="closed"
                  >
                    <h3
                      class="flex"
                      data-orientation="vertical"
                      data-state="closed"
                    >
                      <button
                        aria-controls="radix-:r71:"
                        aria-expanded="false"
                        class="flex flex-1 items-center justify-between py-4 transition-all [&[data-state=open]>svg]:rotate-180 text-left text-base font-medium leading-normal text-neutral-950 hover:no-underline"
                        data-orientation="vertical"
                        data-radix-collection-item=""
                        data-state="closed"
                        id="radix-:r70:"
                        type="button"
                      >
                        How do I reset my password?
                        <svg
                          class="lucide lucide-chevron-down h-4 w-4 shrink-0 transition-transform duration-200"
                          fill="none"
                          height="24"
                          stroke="currentColor"
                          stroke-linecap="round"
                          stroke-linejoin="round"
                          stroke-width="2"
                          viewBox="0 0 24 24"
                          width="24"
                          xmlns="http://www.w3.org/2000/svg"
                        >
                          <path
                            d="m6 9 6 6 6-6"
                          />
                        </svg>
                      </button>
                    </h3>
                    <div
                      aria-labelledby="radix-:r70:"
                      class="overflow-hidden text-sm transition-all data-[state=closed]:animate-accordion-up data-[state=open]:animate-accordion-down"
                      data-orientation="vertical"
                      data-state="closed"
                      hidden=""
                      id="radix-:r71:"
                      role="region"
                      style="--radix-accordion-content-height: var(--radix-collapsible-content-height); --radix-accordion-content-width: var(--radix-collapsible-content-width);"
                    />
                  </div>
                  <div
                    class="border-b"
                    data-orientation="vertical"
                    data-state="closed"
                  >
                    <h3
                      class="flex"
                      data-orientation="vertical"
                      data-state="closed"
                    >
                      <button
                        aria-controls="radix-:r73:"
                        aria-expanded="false"
                        class="flex flex-1 items-center justify-between py-4 transition-all [&[data-state=open]>svg]:rotate-180 text-left text-base font-medium leading-normal text-neutral-950 hover:no-underline"
                        data-orientation="vertical"
                        data-radix-collection-item=""
                        data-state="closed"
                        id="radix-:r72:"
                        type="button"
                      >
                        Can I use this application on multiple devices?
                        <svg
                          class="lucide lucide-chevron-down h-4 w-4 shrink-0 transition-transform duration-200"
                          fill="none"
                          height="24"
                          stroke="currentColor"
                          stroke-linecap="round"
                          stroke-linejoin="round"
                          stroke-width="2"
                          viewBox="0 0 24 24"
                          width="24"
                          xmlns="http://www.w3.org/2000/svg"
                        >
                          <path
                            d="m6 9 6 6 6-6"
                          />
                        </svg>
                      </button>
                    </h3>
                    <div
                      aria-labelledby="radix-:r72:"
                      class="overflow-hidden text-sm transition-all data-[state=closed]:animate-accordion-up data-[state=open]:animate-accordion-down"
                      data-orientation="vertical"
                      data-state="closed"
                      hidden=""
                      id="radix-:r73:"
                      role="region"
                      style="--radix-accordion-content-height: var(--radix-collapsible-content-height); --radix-accordion-content-width: var(--radix-collapsible-content-width);"
                    />
                  </div>
                </div>
              </div>
            </div>
          </div>
        </div>
        <div
          class="flex w-full items-center justify-center text-center"
        >
          <div
            class="inline-flex flex-col items-center justify-center gap-4 p-6 px-0 md:px-6"
          >
            <h1
              class="text-3xl font-bold text-orange-500"
            >
              Didn’t find an answer?
            </h1>
            <p
              class="text-lg font-normal text-neutral-600"
            >
              Contact us for more inquiries and information about our services.
            </p>
            <button
              class="inline-flex items-center justify-center gap-2 whitespace-nowrap text-sm font-medium transition-colors focus-visible:outline-none focus-visible:ring-1 focus-visible:ring-ring disabled:pointer-events-none disabled:opacity-50 bg-primary text-primary-foreground shadow h-10 rounded-md px-8"
              role="button"
            >
              Contact Us
            </button>
          </div>
        </div>
      </section>
    </div>
  </div>
</div>
`;
